[mvcsoftonline.com/html/the-factory/index-one.html]
[mvcsoftonline.com/html/the-factory/images/apple-favicon.png]
[mvcsoftonline.com/html/the-factory/images/favicon.png]
[backblue.gif]
[fade.gif]
[index.html]
[mvcsoftonline.com/html/the-factory/images/logo/logo.png]
[mvcsoftonline.com/html/the-factory/index-two.html]
[mvcsoftonline.com/html/the-factory/index-rtl-one.html]
[mvcsoftonline.com/html/the-factory/index-rtl-two.html]
[mvcsoftonline.com/html/the-factory/index-box-one.html]
[mvcsoftonline.com/html/the-factory/index-box-two.html]
[mvcsoftonline.com/html/the-factory/about.html]
[mvcsoftonline.com/html/the-factory/services.html]
[mvcsoftonline.com/html/the-factory/testimonials.html]
[mvcsoftonline.com/html/the-factory/faq.html]
[mvcsoftonline.com/html/the-factory/404.html]
[mvcsoftonline.com/html/the-factory/team-1.html]
[mvcsoftonline.com/html/the-factory/team-2.html]
[mvcsoftonline.com/html/the-factory/team-details.html]
[mvcsoftonline.com/html/the-factory/project-grid-3.html]
[mvcsoftonline.com/html/the-factory/project-grid-4.html]
[mvcsoftonline.com/html/the-factory/project-details.html]
[mvcsoftonline.com/html/the-factory/blog-gird-3.html]
[mvcsoftonline.com/html/the-factory/blog-gird-4.html]
[mvcsoftonline.com/html/the-factory/blog-full-wd.html]
[mvcsoftonline.com/html/the-factory/blog-right-sidebar.html]
[mvcsoftonline.com/html/the-factory/blog-left-sidebar.html]
[mvcsoftonline.com/html/the-factory/blog-details.html]
[mvcsoftonline.com/html/the-factory/accordion-element.html]
[mvcsoftonline.com/html/the-factory/button-element.html]
[mvcsoftonline.com/html/the-factory/clients-element.html]
[mvcsoftonline.com/html/the-factory/pricing-table-element.html]
[mvcsoftonline.com/html/the-factory/services-element.html]
[mvcsoftonline.com/html/the-factory/tables-element.html]
[mvcsoftonline.com/html/the-factory/tabs-element.html]
[mvcsoftonline.com/html/the-factory/team-element.html]
[mvcsoftonline.com/html/the-factory/testimonial-element.html]
[mvcsoftonline.com/html/the-factory/timeline-element.html]
[mvcsoftonline.com/html/the-factory/separator-element.html]
[mvcsoftonline.com/html/the-factory/promobox-element.html]
[mvcsoftonline.com/html/the-factory/images/nav-img.jpg]
[mvcsoftonline.com/html/the-factory/contact.html]
[mvcsoftonline.com/html/the-factory/images/about/1.jpg]
[mvcsoftonline.com/html/the-factory/images/icon/1.png]
[mvcsoftonline.com/html/the-factory/images/service/1.jpg]
[mvcsoftonline.com/html/the-factory/images/service/2.jpg]
[mvcsoftonline.com/html/the-factory/images/service/3.jpg]
[mvcsoftonline.com/html/the-factory/images/service/4.jpg]
[mvcsoftonline.com/html/the-factory/images/service/5.jpg]
[mvcsoftonline.com/html/the-factory/images/service/6.jpg]
[mvcsoftonline.com/html/the-factory/images/icon/2.png]
[mvcsoftonline.com/html/the-factory/images/portfolio/1.jpg]
[mvcsoftonline.com/html/the-factory/images/portfolio/2.jpg]
[mvcsoftonline.com/html/the-factory/images/portfolio/3.jpg]
[mvcsoftonline.com/html/the-factory/images/portfolio/4.jpg]
[mvcsoftonline.com/html/the-factory/images/portfolio/5.jpg]
[mvcsoftonline.com/html/the-factory/images/portfolio/6.jpg]
[mvcsoftonline.com/html/the-factory/images/portfolio/7.jpg]
[mvcsoftonline.com/html/the-factory/images/portfolio/8.jpg]
[mvcsoftonline.com/html/the-factory/images/man.png]
[mvcsoftonline.com/html/the-factory/images/icon/4.png]
[mvcsoftonline.com/html/the-factory/images/team/1.jpg]
[mvcsoftonline.com/html/the-factory/images/team/2.jpg]
[mvcsoftonline.com/html/the-factory/images/team/3.jpg]
[mvcsoftonline.com/html/the-factory/images/team/4.jpg]
[mvcsoftonline.com/html/the-factory/images/icon/3.png]
[mvcsoftonline.com/html/the-factory/images/testimonial/1.jpg]
[mvcsoftonline.com/html/the-factory/images/testimonial/2.jpg]
[mvcsoftonline.com/html/the-factory/images/testimonial/3.jpg]
[mvcsoftonline.com/html/the-factory/images/icon/5.png]
[mvcsoftonline.com/html/the-factory/images/blog/1.jpg]
[mvcsoftonline.com/html/the-factory/images/blog/2.jpg]
[mvcsoftonline.com/html/the-factory/images/blog/3.jpg]
[mvcsoftonline.com/html/the-factory/images/client/1.png]
[mvcsoftonline.com/html/the-factory/images/client/2.png]
[mvcsoftonline.com/html/the-factory/images/client/3.png]
[mvcsoftonline.com/html/the-factory/images/client/4.png]
[mvcsoftonline.com/html/the-factory/images/client/5.png]
[mvcsoftonline.com/html/the-factory/images/client/6.png]
[mvcsoftonline.com/html/the-factory/js/jquery.min.js]
[mvcsoftonline.com/html/the-factory/js/bootstrap.min.js]
[mvcsoftonline.com/html/the-factory/js/bootstrap-dropdownhover.min.js]
[mvcsoftonline.com/html/the-factory/js/imagesloaded.min.js]
[mvcsoftonline.com/html/the-factory/js/jquery.filterizr.min.js]
[mvcsoftonline.com/html/the-factory/js/typing.js]
[mvcsoftonline.com/html/the-factory/js/VideoPopUp.jquery.js]
[mvcsoftonline.com/html/the-factory/js/jquery.counterup.min.js]
[mvcsoftonline.com/html/the-factory/js/jquery.waypoints.min.js]
[mvcsoftonline.com/html/the-factory/js/owl.carousel.min.js]
[mvcsoftonline.com/html/the-factory/js/jarallax.min.js]
[mvcsoftonline.com/html/the-factory/js/lightbox.min.js]
[mvcsoftonline.com/html/the-factory/js/jquery.youtubebackground.js]
[mvcsoftonline.com/html/the-factory/js/jquery.scrollUp.min.js]
[mvcsoftonline.com/html/the-factory/js/custom.js]
[mvcsoftonline.com/html/the-factory/index-one.html]
[mvcsoftonline.com/html/the-factory/fonts/glyphicons-halflings-regular.eot]
[mvcsoftonline.com/html/the-factory/fonts/glyphicons-halflings-regulard41d.eot]
[mvcsoftonline.com/html/the-factory/fonts/glyphicons-halflings-regular.woff]
[mvcsoftonline.com/html/the-factory/fonts/glyphicons-halflings-regular.ttf]
[mvcsoftonline.com/html/the-factory/css/bootstrap.min.css]
[mvcsoftonline.com/html/the-factory/images/bg/5.jpg]
[mvcsoftonline.com/html/the-factory/images/loading.gif]
[mvcsoftonline.com/html/the-factory/images/slider/1.jpg]
[mvcsoftonline.com/html/the-factory/images/slider/2.jpg]
[mvcsoftonline.com/html/the-factory/images/slider/3.jpg]
[mvcsoftonline.com/html/the-factory/images/bg/about-1.jpg]
[mvcsoftonline.com/html/the-factory/images/bg/about-2.jpg]
[mvcsoftonline.com/html/the-factory/images/bg/about-3.jpg]
[mvcsoftonline.com/html/the-factory/images/bg/about-4.jpg]
[mvcsoftonline.com/html/the-factory/images/bg/1.jpg]
[mvcsoftonline.com/html/the-factory/images/bg/2.jpg]
[mvcsoftonline.com/html/the-factory/images/bg/3.jpg]
[mvcsoftonline.com/html/the-factory/images/bg/4.jpg]
[mvcsoftonline.com/html/the-factory/images/demo/1.jpg]
[mvcsoftonline.com/html/the-factory/css/style.css]
[mvcsoftonline.com/html/the-factory/css/responsive.css]
[mvcsoftonline.com/html/the-factory/images/about/3.png]
[mvcsoftonline.com/html/the-factory/index-two.html]
[mvcsoftonline.com/html/the-factory/index-rtl-one.html]
[mvcsoftonline.com/html/the-factory/index-rtl-two.html]
[mvcsoftonline.com/html/the-factory/index-box-one.html]
[mvcsoftonline.com/html/the-factory/index-box-two.html]
[mvcsoftonline.com/html/the-factory/images/about/2.jpg]
[mvcsoftonline.com/html/the-factory/about.html]
[mvcsoftonline.com/html/the-factory/services.html]
[mvcsoftonline.com/html/the-factory/images/testimonial/4.jpg]
[mvcsoftonline.com/html/the-factory/images/testimonial/5.jpg]
[mvcsoftonline.com/html/the-factory/testimonials.html]
[mvcsoftonline.com/html/the-factory/images/faq.png]
[mvcsoftonline.com/html/the-factory/faq.html]
[mvcsoftonline.com/html/the-factory/index.html]
[mvcsoftonline.com/html/the-factory/404.html]
[mvcsoftonline.com/html/the-factory/team-1.html]
[mvcsoftonline.com/html/the-factory/team-2.html]
[mvcsoftonline.com/html/the-factory/team-details.html]
[mvcsoftonline.com/html/the-factory/project-grid-3.html]
[mvcsoftonline.com/html/the-factory/images/portfolio/9.jpg]
[mvcsoftonline.com/html/the-factory/project-grid-4.html]
[mvcsoftonline.com/html/the-factory/project-details.html]
[mvcsoftonline.com/html/the-factory/images/blog/4.jpg]
[mvcsoftonline.com/html/the-factory/images/blog/5.jpg]
[mvcsoftonline.com/html/the-factory/images/blog/6.jpg]
[mvcsoftonline.com/html/the-factory/blog-gird-3.html]
[mvcsoftonline.com/html/the-factory/blog-gird-4.html]
[mvcsoftonline.com/html/the-factory/images/blog/big-1.jpg]
[mvcsoftonline.com/html/the-factory/images/blog/big-2.jpg]
[mvcsoftonline.com/html/the-factory/images/blog/big-3.jpg]
[mvcsoftonline.com/html/the-factory/blog-full-wd.html]
[mvcsoftonline.com/html/the-factory/images/blog/post-1.jpg]
[mvcsoftonline.com/html/the-factory/images/blog/post-2.jpg]
[mvcsoftonline.com/html/the-factory/images/blog/post-3.jpg]
[mvcsoftonline.com/html/the-factory/images/blog/post-4.jpg]
[mvcsoftonline.com/html/the-factory/images/blog/post-5.jpg]
[mvcsoftonline.com/html/the-factory/blog-right-sidebar.html]
[mvcsoftonline.com/html/the-factory/blog-left-sidebar.html]
[mvcsoftonline.com/html/the-factory/blog-details.html]
[mvcsoftonline.com/html/the-factory/accordion-element.html]
[mvcsoftonline.com/html/the-factory/button-element.html]
[mvcsoftonline.com/html/the-factory/images/logo/1.png]
[mvcsoftonline.com/html/the-factory/images/logo/2.png]
[mvcsoftonline.com/html/the-factory/images/logo/3.png]
[mvcsoftonline.com/html/the-factory/images/logo/4.png]
[mvcsoftonline.com/html/the-factory/images/logo/5.png]
[mvcsoftonline.com/html/the-factory/images/logo/6.png]
[mvcsoftonline.com/html/the-factory/clients-element.html]
[mvcsoftonline.com/html/the-factory/pricing-table-element.html]
[mvcsoftonline.com/html/the-factory/services-element.html]
[mvcsoftonline.com/html/the-factory/tables-element.html]
[mvcsoftonline.com/html/the-factory/tabs-element.html]
[mvcsoftonline.com/html/the-factory/team-element.html]
[mvcsoftonline.com/html/the-factory/testimonial-element.html]
[mvcsoftonline.com/html/the-factory/timeline-element.html]
[mvcsoftonline.com/html/the-factory/separator-element.html]
[mvcsoftonline.com/html/the-factory/promobox-element.html]
[mvcsoftonline.com/html/the-factory/js/map.js]
[mvcsoftonline.com/html/the-factory/contact.html]
[mvcsoftonline.com/html/the-factory/car-grid-3.html]
[mvcsoftonline.com/html/the-factory/service-details.html]
[mvcsoftonline.com/html/the-factory/service-one.html]
[mvcsoftonline.com/html/the-factory/fonts/glyphicons-halflings-regular.html]
[mvcsoftonline.com/html/the-factory/fonts/glyphicons-halflings-regular.svg]
[mvcsoftonline.com/html/the-factory/fonts/Flaticon.eot]
[mvcsoftonline.com/html/the-factory/fonts/Flaticon.woff]
[mvcsoftonline.com/html/the-factory/fonts/Flaticond41d.eot]
[mvcsoftonline.com/html/the-factory/fonts/Flaticon.ttf]
[mvcsoftonline.com/html/the-factory/css/flaticon.css]
[mvcsoftonline.com/html/the-factory/fonts/fontawesome-webfont3e6e.eot]
[mvcsoftonline.com/html/the-factory/fonts/fontawesome-webfontd41d.eot]
[mvcsoftonline.com/html/the-factory/fonts/fontawesome-webfont3e6e.woff]
[mvcsoftonline.com/html/the-factory/fonts/fontawesome-webfont3e6e.ttf]
[mvcsoftonline.com/html/the-factory/css/font-awesome.min.css]
[mvcsoftonline.com/html/the-factory/css/animate.min.css]
[mvcsoftonline.com/html/the-factory/images/close.png]
[mvcsoftonline.com/html/the-factory/css/VideoPopUp.css]
[mvcsoftonline.com/html/the-factory/css/owl.carousel.min.css]
[mvcsoftonline.com/html/the-factory/css/owl.theme.default.css]
[mvcsoftonline.com/html/the-factory/images/light-box-close.png]
[mvcsoftonline.com/html/the-factory/images/prev.png]
[mvcsoftonline.com/html/the-factory/images/next.png]
[mvcsoftonline.com/html/the-factory/css/lightbox.min.css]
[mvcsoftonline.com/html/the-factory/css/bootstrap-dropdownhover.css]
[mvcsoftonline.com/html/the-factory/css/element.css]
[mvcsoftonline.com/html/the-factory/portfolio-single.html]
[mvcsoftonline.com/html/the-factory/css/bootstrap.rtl.css]
[mvcsoftonline.com/html/the-factory/css/rtl-theme.css]
[mvcsoftonline.com/html/the-factory/images/demo/index-one.png]
[mvcsoftonline.com/html/the-factory/images/demo/index-two.png]
[mvcsoftonline.com/html/the-factory/images/demo/index-rtl-one.jpg]
[mvcsoftonline.com/html/the-factory/images/demo/index-rtl-two.jpg]
[mvcsoftonline.com/html/the-factory/js/wow.min.js]
[mvcsoftonline.com/html/the-factory/index.html]
[mvcsoftonline.com/html/the-factory/fonts/Flaticon.svg]
[mvcsoftonline.com/html/the-factory/fonts/fontawesome-webfont3e6e.html]
[mvcsoftonline.com/html/the-factory/fonts/fontawesome-webfont3e6e.svg]
[mvcsoftonline.com/html/the-factory/css/owl.video.play.html]
